taken on: build Python 3.13.9 / numpy 2.5.1   |   named build Python 3.13.9 / numpy 2.5.1 (the named build)
taken in: a plain directory at head eae7ede6c5f4 (declared by the run; no .git to derive it from); journal gate (.github/tools/refgate.py): present
issue #42 correction round 2 -- the build coordinate, four required changes, each two-sided

R2-1  the record names the build, its band and the head the pair was measured at PASS  -- Python 3.13.9 / numpy 2.5.1 in the block=True ; band numeric=True ; evidence names a head=True
R2-1b every number the committed block states is the record's own (read as text) PASS  -- block states 1e-09, 1e-12, 1.243e-14 ; build.json holds 1e-09, 1e-12, 1.243e-14
R2-2  the block is generated from the record, so a hand-edit cannot survive PASS  -- clean copy=True ; edited block rejected=True ; record-change rejected=True
R2-1c the recorded pair cannot be typed: undeclared, unforced and unrecorded runs refuse PASS  -- --write without --declaration refused=True ; re-recording without --force refused=True ; a block with no record refused=True
R2-3  both branches of --line fire from control records derived from this run PASS  -- named branch (a record naming this run's own pair)=True ; mismatch branch=True
observed: the committed record on THIS machine: build: this run Python 3.13.9 / numpy 2.5.1 | named Python 3.13.9 / numpy 2.5.1 (the named build)
R2-4  reproduce.sh runs the coordinate and re-derives both evidence logs PASS  -- coordinate steps present=True ; both log checks present=True ; both endings present=True
        arm A-inband-diffbuild         exit=4 want=4  ok
        arm B-inband-samebuild         exit=1 want=1  ok
        arm C-outofband-diffbuild      exit=1 want=1  ok
        arm D-nonnumeric-diffbuild     exit=1 want=1  ok
        arm E-rebuild-diffbuild        exit=4 want=4  ok
        arm F-stale-digest             exit=1 want=1  ok
        arm G-clean-diffbuild          exit=0 want=0  ok
        arm H-reference-digest-broken  exit=1 want=1  ok
        arm I-missing-artefact         exit=1 want=1  ok
        arm J-no-reference             exit=1 want=1  ok
R2-5  the comparison attributes a cross-build difference (10 planted arms) PASS  -- all 10 arms reported the wanted verdict AND the wanted sentence
R2-6a identical artefacts are identical on ANY machine (the comparator's logic) PASS  -- a fixture copied from the committed artefacts: exit=0, and the verdict says so=True
R2-6b the package on THIS machine reaches the outcome its own coordinate warrants PASS  -- the four instruments ran under this machine's interpreter and the comparator was told THIS machine's pair, never the named one -- so this check cannot report the machine's arithmetic as a failure of the package
observed: R2-6b on this machine (Python 3.13.9 / numpy 2.5.1): instruments ran=all, comparator exit=0, the named build: exactness is required, and the four artefacts are identical
R2-7  the log comparison is itself two-sided (a real difference vs a declared one) PASS  -- a planted verdict change is caught=True ; one changed coordinate line is declared (counted once)=True ; an inserted reading reported as not taken is not a disagreement=True

CORRECTION R2: ALL PASS (10/10)
   every check above was read on this machine; a reading marked NOT TAKEN is not covered by this verdict and is reported as not taken, never as a pass
   named build: Python 3.13.9 / numpy 2.5.1 ; band 1e-09 absolute / 1e-12 relative ; arms planted in a temporary copy, nothing written beside the package unless --log asks for it
