# canonical runner -- issue #44
# the stage order is load-bearing: instrument_v4.py reads the v3 artefact

## stage v0 -- instrument_v0.py (exit 0)
   purpose: controls only: closed-form versus Monte-Carlo agreement, the mean/var discrimination, the null and the needle -- no claim is made from v0
wrote results_v0.json
VERDICTS: {
  "C1_agreement_pass": true,
  "C2_discrimination_pass": true,
  "C2_cells": 3,
  "C3_null_pass": true,
  "C4_needle_pass": true,
  "C5_margin_law_pass": true,
  "C6_band_law_pass": true,
  "ALL_CONTROLS_PASS": true
}

C2 discrimination (same node, two statistics; alpha=0.05):
  rho=1.2 analytic_mean=0.0852 | mean k4=0.0852 k64=0.0846 (d=0.0006 flat=True)
        var  k4=0.1552 k64=0.6840 (d=0.5288 grows=True)
  rho=1.5 analytic_mean=0.1364 | mean k4=0.1376 k64=0.1373 (d=0.0003 flat=True)
        var  k4=0.3771 k64=0.9973 (d=0.6201 grows=True)
  rho=2.0 analytic_mean=0.2054 | mean k4=0.2037 k64=0.2034 (d=0.0003 flat=True)
        var  k4=0.6657 k64=1.0000 (d=0.3343 grows=True)

C4 needle (collapse / replay-style node):
  c=0.0 k=16  mean_stat=0.0000 var_stat=0.0000
  c=0.0 k=64  mean_stat=0.0000 var_stat=0.0000
  c=0.5 k=16  mean_stat=1.0000 var_stat=0.0000
  c=0.5 k=64  mean_stat=1.0000 var_stat=0.0000

budget-margin boundary k* = (c_alpha/delta)^2, c_alpha^2=2.7055
  delta=0.10 k*= 270.55  cf_power(k*)=0.500000  mc(k=271)=0.5018  k**delta^2=2.7055
  delta=0.20 k*=  67.64  cf_power(k*)=0.500000  mc(k=68)=0.4998  k**delta^2=2.7055
  delta=0.35 k*=  22.09  cf_power(k*)=0.500000  mc(k=22)=0.5035  k**delta^2=2.7055
  delta=0.50 k*=  10.82  cf_power(k*)=0.500000  mc(k=11)=0.5040  k**delta^2=2.7055

band width ~ 1/sqrt(k):
  k=16     width=0.6408  width*sqrt(k)=2.5632
  k=64     width=0.3204  width*sqrt(k)=2.5632
  k=256    width=0.1602  width*sqrt(k)=2.5632

best-responding node (verifier tests both moments, alpha/2 each):
  k=16     node_best=collapse_c0      power=0.0000
  k=64     node_best=collapse_c0      power=0.0000
  k=256    node_best=collapse_c0      power=0.0000

## stage v1 -- instrument_v1.py (exit 0)
   purpose: criterion (a): out-of-sample prediction error, invariance, and the calibration cell anchored to the antecedent's measured rates
wrote results_v1.json
VERDICTS: {
  "A_criterion_a_met": true,
  "A_median_abs_error": 0.0009204106773119114,
  "A_n_cells": 31,
  "B_invariance_holds": true,
  "B_max_spread": 0.04718666666666671,
  "C_mechanism_blindness_n": 4,
  "C_mechanism_blindness_max_error": 0.04494625598935481,
  "E_drift_ok": true,
  "D_calibration_abs_error": 0.06896551724137931,
  "ALL_PASS": true
}

A: out-of-sample prediction over 31 cells; median|err|=0.0009 mean=0.0036 max=0.0449

B: invariance groups (same u, different decomposition):
   u= -1.741 n=2 obs=[0.040,0.041] spread=0.0008
   u= -1.045 n=2 obs=[0.147,0.149] spread=0.0017
   u= -0.741 n=3 obs=[0.228,0.231] spread=0.0032
   u= -0.580 n=2 obs=[0.280,0.281] spread=0.0004
   u= -0.445 n=3 obs=[0.327,0.329] spread=0.0019
   u= -0.247 n=4 obs=[0.357,0.405] spread=0.0472
   u=  0.420 n=4 obs=[0.645,0.666] spread=0.0210
   u=  0.755 n=2 obs=[0.774,0.776] spread=0.0023
   u=  1.259 n=2 obs=[0.894,0.895] spread=0.0008
   u=  1.753 n=2 obs=[0.960,0.966] spread=0.0056
   ... 10 groups, max spread = 0.0472

C: mechanism blindness (contamination nodes matched to Gaussian moments):
   k=16  q=0.0386 big=7.77  u= -0.247 pred=0.4024 obs=0.3575 |err|=0.0449
   k=64  q=0.0386 big=7.77  u=  0.420 pred=0.6626 obs=0.6450 |err|=0.0176
   k=16  q=0.1385 big=4.33  u=  0.420 pred=0.6626 obs=0.6467 |err|=0.0158
   k=64  q=0.1385 big=4.33  u=  1.753 pred=0.9602 obs=0.9658 |err|=0.0056

D: calibration cell (antecedent 2609.10601)
   alpha_anchor=0.02222  c_alpha=2.0099
   divergent pairs 104/105 at k=5 -> power 0.990476 -> implied u=2.3446 -> implied delta(sigma=1)=1.9474
   same-input fabrication 27/29 passed -> observed detection 0.0690 ; construct predicts 0.0000 |err|=0.0690

E: drift checks:
   k=4   null=0.0489 (ok=True) needle=0.0000 (ok=True)
   k=16  null=0.0506 (ok=True) needle=0.0000 (ok=True)
   k=64  null=0.0488 (ok=True) needle=0.0000 (ok=True)

## stage v2 -- instrument_v2.py (exit 0)
   purpose: criterion (b): the insensitivity band, its boundary and its width law
wrote results_v2.json
ALL_PASS: True
criterion_b_met: True | mutation control fires: True
   width within tol: True | STRICTER edge-position reading within tol: False (max edge rel err 0.224)
K1 null ok: True | K1 slope at delta=0: -0.00010 (insensitive: True )
K2 fast/slow identity ok: True

sigma | pred band [lo, hi] width | meas band [lo, hi] width | width rel err
  0.5 | [0.0347, 0.8881] 0.8535 | [0.0300, 0.8929] 0.8630 |   +1.11%
      refined | [0.0349, 0.8847] 0.8497 | width rel err  -0.44% | edges  +0.86% /  -0.39%
  1.0 | [0.0151, 1.1925] 1.1774 | [0.0117, 1.1955] 1.1838 |   +0.54%
      refined | [0.0156, 1.1916] 1.1759 | width rel err  -0.13% | edges  +3.80% /  -0.08%
  2.0 | [0.0138, 1.8100] 1.7962 | [0.0119, 1.8096] 1.7977 |   +0.08%
      refined | [0.0147, 1.7953] 1.7807 | width rel err  -0.86% | edges  +6.28% /  -0.81%

band law (tangent definition): width * sqrt(k) / sigma, per (sigma, k)
   sigma=0.5 k=8    width=0.9743  width*sqrt(k)/sigma=5.5117
   sigma=0.5 k=32   width=0.4872  width*sqrt(k)/sigma=5.5117
   sigma=0.5 k=128  width=0.2436  width*sqrt(k)/sigma=5.5117
   sigma=0.5 k=512  width=0.1218  width*sqrt(k)/sigma=5.5117
   sigma=1.0 k=8    width=1.5919  width*sqrt(k)/sigma=4.5027
   sigma=1.0 k=32   width=0.7960  width*sqrt(k)/sigma=4.5027
   sigma=1.0 k=128  width=0.3980  width*sqrt(k)/sigma=4.5027
   sigma=1.0 k=512  width=0.1990  width*sqrt(k)/sigma=4.5027
   sigma=2.0 k=8    width=2.6120  width*sqrt(k)/sigma=3.6939
   sigma=2.0 k=32   width=1.3060  width*sqrt(k)/sigma=3.6939
   sigma=2.0 k=128  width=0.6530  width*sqrt(k)/sigma=3.6939
   sigma=2.0 k=512  width=0.3265  width*sqrt(k)/sigma=3.6939

## stage v3 -- instrument_v3.py (exit 0)
   purpose: criterion (c): the derived per-execution rule versus the best constant threshold matched to zero honest rejections
wrote results_v3.json
PRIMARY criterion (c) met: True | informative cells: 42 | derived better in 41 | sign-test p 9.78e-12
   factor: min 0.8381 median 1.0897 max 1.5454
   significantly better 26 ; significantly WORSE 0
SECONDARY strict reading met: False (17/42 informative cells fail)
K1 matched budget: True | unmatched 0/96 | max|z| 3.24
K2 drawer identity: True
K3 two-sided direction control: True
K4 distribution mechanism: False | max|z| 4.16 | unmatched 1
MECHANISM (does the mean gap order the factor?): the mean gap ORDERS the factor | tau-like 0.8412 over 554 order-free pairs (rises 510, falls 44)
   ordering is not determination: the factor still spreads 0.4610 inside one gap quartile

 n_cal    k  lam  pow_d   pow_c   pow_c_pred  factor [95% CI]          diff [CI]              inf
     5    4    1  0.5150  0.4625   0.4500    1.1135 [0.9507,1.2762]  +0.0525 [-0.0151,+0.1201]  Y
     5    4    2  0.8494  0.7793   0.7587    1.0899 [1.0200,1.1598]  +0.0701 [+0.0201,+0.1201]  Y
     5    4    3  0.9792  0.9029   0.9352    1.0844 [1.0398,1.1291]  +0.0762 [+0.0391,+0.1134]  Y
     5    4    4  0.9988  0.9953   0.9897    1.0035 [1.0008,1.0063]  +0.0035 [+0.0008,+0.0062]  -
     5   16    1  0.5131  0.4899   0.4500    1.0474 [0.8916,1.2032]  +0.0232 [-0.0496,+0.0961]  Y
     5   16    2  0.8498  0.7285   0.7587    1.1666 [1.0671,1.2662]  +0.1214 [+0.0592,+0.1835]  Y
     5   16    3  0.9789  0.9372   0.9352    1.0445 [1.0062,1.0827]  +0.0417 [+0.0074,+0.0760]  Y
     5   16    4  0.9987  0.9886   0.9897    1.0103 [0.9995,1.0210]  +0.0101 [-0.0003,+0.0206]  -
     5   64    1  0.5135  0.4139   0.4500    1.2406 [1.0096,1.4716]  +0.0996 [+0.0225,+0.1767]  Y
     5   64    2  0.8503  0.7449   0.7587    1.1414 [1.0468,1.2360]  +0.1054 [+0.0436,+0.1671]  Y
     5   64    3  0.9790  0.9543   0.9352    1.0259 [1.0073,1.0444]  +0.0247 [+0.0074,+0.0420]  Y
     5   64    4  0.9987  0.9892   0.9897    1.0096 [1.0006,1.0186]  +0.0095 [+0.0007,+0.0183]  -
    20    4    1  0.2515  0.1627   0.2223    1.5454 [1.1950,1.8958]  +0.0888 [+0.0517,+0.1258]  Y
    20    4    2  0.6302  0.5460   0.5507    1.1542 [1.0408,1.2676]  +0.0842 [+0.0306,+0.1378]  Y
    20    4    3  0.9088  0.8555   0.8428    1.0623 [1.0122,1.1125]  +0.0533 [+0.0130,+0.0937]  Y
    20    4    4  0.9901  0.9728   0.9692    1.0178 [1.0071,1.0284]  +0.0173 [+0.0071,+0.0275]  -
    20   16    1  0.2512  0.2436   0.2223    1.0312 [0.8212,1.2413]  +0.0076 [-0.0420,+0.0572]  Y
    20   16    2  0.6293  0.4907   0.5507    1.2825 [1.0965,1.4686]  +0.1386 [+0.0675,+0.2098]  Y
    20   16    3  0.9088  0.8445   0.8428    1.0761 [1.0291,1.1232]  +0.0643 [+0.0274,+0.1013]  Y
    20   16    4  0.9900  0.9707   0.9692    1.0199 [1.0071,1.0327]  +0.0193 [+0.0072,+0.0315]  -
    20   64    1  0.2518  0.2377   0.2223    1.0591 [0.8657,1.2525]  +0.0141 [-0.0294,+0.0575]  Y
    20   64    2  0.6305  0.5292   0.5507    1.1916 [1.0571,1.3260]  +0.1014 [+0.0417,+0.1611]  Y
    20   64    3  0.9081  0.8574   0.8428    1.0591 [1.0199,1.0984]  +0.0507 [+0.0189,+0.0825]  Y
    20   64    4  0.9900  0.9445   0.9692    1.0482 [0.9985,1.0979]  +0.0455 [+0.0007,+0.0903]  -
   100    4    1  0.0925  0.0832   0.0819    1.1109 [0.8332,1.3886]  +0.0092 [-0.0116,+0.0300]  Y
   100    4    2  0.3712  0.3076   0.3219    1.2066 [1.0512,1.3621]  +0.0636 [+0.0240,+0.1031]  Y
   100    4    3  0.7478  0.6959   0.6765    1.0746 [1.0067,1.1424]  +0.0519 [+0.0080,+0.0958]  Y
   100    4    4  0.9524  0.9157   0.9140    1.0401 [0.9956,1.0846]  +0.0367 [-0.0025,+0.0759]  Y
   100   16    1  0.0917  0.0842   0.0819    1.0895 [0.8777,1.3012]  +0.0075 [-0.0088,+0.0239]  Y
   100   16    2  0.3708  0.3448   0.3219    1.0753 [0.9464,1.2041]  +0.0260 [-0.0153,+0.0672]  Y
   100   16    3  0.7483  0.6937   0.6765    1.0787 [1.0270,1.1304]  +0.0546 [+0.0213,+0.0878]  Y
   100   16    4  0.9526  0.9255   0.9140    1.0293 [1.0062,1.0524]  +0.0271 [+0.0063,+0.0479]  Y
   100   64    1  0.0914  0.0832   0.0819    1.0986 [0.8516,1.3456]  +0.0082 [-0.0105,+0.0269]  Y
   100   64    2  0.3716  0.3124   0.3219    1.1897 [1.0193,1.3601]  +0.0593 [+0.0146,+0.1039]  Y
   100   64    3  0.7481  0.6569   0.6765    1.1389 [1.0437,1.2340]  +0.0912 [+0.0363,+0.1461]  Y
   100   64    4  0.9525  0.9279   0.9140    1.0265 [1.0043,1.0487]  +0.0246 [+0.0045,+0.0446]  Y
  1000    4    1  0.0183  0.0218   0.0165    0.8381 [0.6868,0.9893]  -0.0035 [-0.0075,+0.0004]  Y
  1000    4    2  0.1376  0.1308   0.1199    1.0514 [0.8667,1.2360]  +0.0067 [-0.0163,+0.0297]  Y
  1000    4    3  0.4635  0.4226   0.4107    1.0969 [0.9737,1.2201]  +0.0409 [-0.0065,+0.0884]  Y
  1000    4    4  0.8191  0.7865   0.7632    1.0415 [0.9979,1.0851]  +0.0327 [-0.0002,+0.0655]  Y
  1000   16    1  0.0184  0.0140   0.0165    1.3141 [1.0172,1.6110]  +0.0044 [+0.0013,+0.0076]  Y
  1000   16    2  0.1381  0.1116   0.1199    1.2373 [1.0397,1.4350]  +0.0265 [+0.0086,+0.0444]  Y
  1000   16    3  0.4640  0.4228   0.4107    1.0974 [0.9897,1.2052]  +0.0412 [-0.0003,+0.0827]  Y
  1000   16    4  0.8183  0.7691   0.7632    1.0639 [1.0192,1.1087]  +0.0492 [+0.0168,+0.0815]  Y
  1000   64    1  0.0183  0.0161   0.0165    1.1365 [0.9179,1.3551]  +0.0022 [-0.0009,+0.0053]  Y
  1000   64    2  0.1382  0.1169   0.1199    1.1821 [0.9662,1.3981]  +0.0213 [-0.0001,+0.0426]  Y
  1000   64    3  0.4646  0.4261   0.4107    1.0904 [0.9979,1.1830]  +0.0385 [+0.0023,+0.0747]  Y
  1000   64    4  0.8189  0.7638   0.7632    1.0721 [1.0210,1.1231]  +0.0551 [+0.0187,+0.0914]  Y

## stage v4 -- instrument_v4.py (exit 0)
   purpose: sensitivity: the lattice boundary of the construct, what the ceiling bounds, and where the comparison is decidable
wrote results_v4.json
ALL_PASS: True

S1 lattice: the construct vs the ratio big/(sigma*sqrt(k))  [delta=0.30]
  node sigma |  q      | big    | spike/sigma | sign flips in k
      0.300  | 0.5000 |  0.600 |        2.00 | 4
      0.600  | 0.2000 |  1.500 |        2.50 | 2
      1.497  | 0.0386 |  7.770 |        5.19 | 5
      3.000  | 0.0099 | 30.300 |       10.10 | 1
  ratio bin          n   nodes  median |err|   max |err|
   [0.00, 0.25)    10    3     0.0000       0.0007
   [0.25, 0.50)     8    4     0.0052       0.0714
   [0.50, 1.00)     8    4     0.0317       0.1642
   [1.00, 2.00)     6    4     0.0574       0.2349
   [2.00, 100.00)     4    2     0.3069       0.3250
   largest ratio at which any cell exceeds 1 pp: 5.050
   USABLE BOUNDARY: |error| <= 1 pp for every measured cell with big/(sigma*sqrt(k)) <= 0.2500
   K1 Gaussian control exact at every budget: True (max err 0.0013)
   K4 mirrored shape errs opposite: True
      k=16   right-heavy err +0.0848 | left-heavy err -0.3832
      k=64   right-heavy err +0.0192 | left-heavy err -0.6123

S2 ceiling: 18 of 108 grid cells saturated (constant-rule power > 0.99)
     n_cal    k  lam   pow_c   saturated  bound(1-pc)  measured diff [CI]
     20    16  1.0   0.2230   no         0.7770       +0.0288 [-0.0142,+0.0718] straddles 0
     20    16  2.0   0.5826   no         0.4174       +0.0482 [-0.0050,+0.1014] straddles 0
     20    16  4.0   0.9761   no         0.0239       +0.0142 [+0.0066,+0.0217] excludes 0
     20    16  6.0   0.9998   yes        0.0002       +0.0002 [+0.0000,+0.0004] excludes 0
    100     4  1.0   0.0852   no         0.9148       +0.0057 [-0.0138,+0.0253] straddles 0
    100     4  2.0   0.3656   no         0.6344       +0.0055 [-0.0379,+0.0489] straddles 0
    100     4  4.0   0.9032   no         0.0968       +0.0497 [+0.0217,+0.0777] excludes 0
    100     4  6.0   0.9990   yes        0.0010       +0.0009 [+0.0003,+0.0014] excludes 0
   bounds hold: True | max achievable gain (1-power_c): saturated 0.00098 vs unsaturated 0.91480 -> the ceiling bounds the PRIZE, not the detection

S3 resolution: 42 informative cells; decidable at 41 streams: 25; not: 17; never: 1
   N_min (streams needed) median 30, range [11, 1854]
   K3 inversion reproduces v3's verdict: True (41/42 cells agree)
     worst cells by N_min:
      n1000_k4_l1    lam=1 k=4   factor 0.8381  N_min never  (infx the streams used)
      n20_k16_l1     lam=1 k=16  factor 1.0312  N_min 1854  (45x the streams used)
      n1000_k4_l2    lam=2 k=4   factor 1.0514  N_min 529  (13x the streams used)
      n5_k16_l1      lam=1 k=16  factor 1.0474  N_min 443  (11x the streams used)
      n20_k64_l1     lam=1 k=64  factor 1.0591  N_min 439  (11x the streams used)
      n100_k64_l1    lam=1 k=64  factor 1.0986  N_min 257  (6x the streams used)

## aggregate
   criteria: a=MET, b=MET, c=MET, d=MET
   prior evidence: P1=CONFIRMED, P2=CONFIRMED, P3=CONFIRMED
   cross-checks: 88 run, 0 failed
   canonical_results.json sha256 7422c7f87daa75bae09ec240b28a33a5c04ce3aa0e5f048e10cf8b837fc890a1
