/Users/argszero/scm/github.com/argszero/silicon-science-cs/papers/issue-87/research/smoke_v5.py:175: RuntimeWarning: divide by zero encountered in matmul
  return np.abs(Phi @ Phi.conj().T) ** 2
/Users/argszero/scm/github.com/argszero/silicon-science-cs/papers/issue-87/research/smoke_v5.py:175: RuntimeWarning: overflow encountered in matmul
  return np.abs(Phi @ Phi.conj().T) ** 2
/Users/argszero/scm/github.com/argszero/silicon-science-cs/papers/issue-87/research/smoke_v5.py:175: RuntimeWarning: invalid value encountered in matmul
  return np.abs(Phi @ Phi.conj().T) ** 2
/Users/argszero/scm/github.com/argszero/silicon-science-cs/papers/issue-87/research/smoke_v5.py:264: RuntimeWarning: divide by zero encountered in matmul
  return Ks_te[best_s] @ coef + m, best_s, best_lam
/Users/argszero/scm/github.com/argszero/silicon-science-cs/papers/issue-87/research/smoke_v5.py:264: RuntimeWarning: overflow encountered in matmul
  return Ks_te[best_s] @ coef + m, best_s, best_lam
/Users/argszero/scm/github.com/argszero/silicon-science-cs/papers/issue-87/research/smoke_v5.py:264: RuntimeWarning: invalid value encountered in matmul
  return Ks_te[best_s] @ coef + m, best_s, best_lam
====================================================================================================
ISSUE #87 -- R397: is the null's dispersion transferable across seed blocks?
====================================================================================================
F1 identity: stored -0.054373153373 reproduced -0.054373153373  match=True
F2 population: 60 fresh cells per band at seed0=30000, pooled [120] per band

-- F3 the observed cal/val dispersion ratio against a NON-PARAMETRIC reference ---------------
   median ratio 1.44   above 1: 11/12   sign test p=0.0063   twelve-band supremum p=0.0067
   per band (ratio, percentile in its own pooled reference, p):
     shifted|0.1        1.64   rank 0.980   p 0.040
     shifted|0.25       1.62   rank 0.986   p 0.029
     shifted|0.5        1.53   rank 0.973   p 0.055
     shifted|1          1.36   rank 0.939   p 0.122
     shifted|2          1.13   rank 0.625   p 0.750
     shifted|3          0.92   rank 0.369   p 0.738
     unshifted|0.1      1.28   rank 0.742   p 0.517
     unshifted|0.25     1.67   rank 0.984   p 0.033
     unshifted|0.5      1.56   rank 0.960   p 0.081
     unshifted|1        1.68   rank 0.993   p 0.013
     unshifted|2        1.09   rank 0.640   p 0.719
     unshifted|3        1.18   rank 0.729   p 0.543

-- F4 the same question on FRESH blocks only (no part in R396's finding) --------------------
     shifted|0.1      ratios ['2.01', '1.07', '0.53']   mean percentile 0.530
     shifted|0.25     ratios ['1.30', '1.48', '1.14']   mean percentile 0.833
     shifted|0.5      ratios ['0.90', '1.47', '1.64']   mean percentile 0.744
     shifted|1        ratios ['0.80', '0.86', '1.08']   mean percentile 0.302
     shifted|2        ratios ['0.87', '1.05', '1.21']   mean percentile 0.509
     shifted|3        ratios ['0.80', '0.74', '0.92']   mean percentile 0.229
     unshifted|0.1    ratios ['0.69', '0.80', '1.16']   mean percentile 0.318
     unshifted|0.25   ratios ['0.85', '0.99', '1.17']   mean percentile 0.472
     unshifted|0.5    ratios ['0.96', '0.83', '0.86']   mean percentile 0.287
     unshifted|1      ratios ['0.66', '0.77', '1.17']   mean percentile 0.291
     unshifted|2      ratios ['0.98', '1.06', '1.08']   mean percentile 0.559
     unshifted|3      ratios ['1.02', '1.07', '1.05']   mean percentile 0.547

-- F5 does dispersion drift with the SEED index? --------------------------------------------
     shifted|0.1      spearman -0.030 (p 0.833)  first/second half sd ratio 1.07
     shifted|0.25     spearman -0.127 (p 0.326)  first/second half sd ratio 1.28
     shifted|0.5      spearman -0.196 (p 0.134)  first/second half sd ratio 1.27
     shifted|1        spearman +0.168 (p 0.190)  first/second half sd ratio 0.94
     shifted|2        spearman +0.176 (p 0.171)  first/second half sd ratio 0.92
     shifted|3        spearman +0.021 (p 0.869)  first/second half sd ratio 0.61
     unshifted|0.1    spearman +0.106 (p 0.428)  first/second half sd ratio 0.67
     unshifted|0.25   spearman -0.015 (p 0.921)  first/second half sd ratio 0.89
     unshifted|0.5    spearman -0.018 (p 0.889)  first/second half sd ratio 0.88
     unshifted|1      spearman -0.032 (p 0.816)  first/second half sd ratio 0.90
     unshifted|2      spearman +0.066 (p 0.605)  first/second half sd ratio 0.99
     unshifted|3      spearman +0.096 (p 0.482)  first/second half sd ratio 1.03

-- F6 how many draws does a stable dispersion estimate need? ---------------------------------
   shifted
     n=10    median 0.01752  5-95% width 1.02x of median
     n=20    median 0.01850  5-95% width 0.69x of median
     n=40    median 0.01905  5-95% width 0.49x of median
     n=80    median 0.01926  5-95% width 0.34x of median

-- F7 consequence: predictive null from the POOLED population -------------------------------
   pooled predictive declared 26 (11 leads)   [R396's 80-cell instrument declared 24]

   report sha256 = 4a85f2230f6a227549a23fac898c4fb364793cbffdc4a7d4d58056d289af6e46
   written to smoke_v11_results.json
