/Users/argszero/scm/github.com/argszero/silicon-science-cs/papers/issue-87/research/smoke_v5.py:175: RuntimeWarning: divide by zero encountered in matmul
  return np.abs(Phi @ Phi.conj().T) ** 2
/Users/argszero/scm/github.com/argszero/silicon-science-cs/papers/issue-87/research/smoke_v5.py:175: RuntimeWarning: overflow encountered in matmul
  return np.abs(Phi @ Phi.conj().T) ** 2
/Users/argszero/scm/github.com/argszero/silicon-science-cs/papers/issue-87/research/smoke_v5.py:175: RuntimeWarning: invalid value encountered in matmul
  return np.abs(Phi @ Phi.conj().T) ** 2
/Users/argszero/scm/github.com/argszero/silicon-science-cs/papers/issue-87/research/smoke_v5.py:264: RuntimeWarning: divide by zero encountered in matmul
  return Ks_te[best_s] @ coef + m, best_s, best_lam
/Users/argszero/scm/github.com/argszero/silicon-science-cs/papers/issue-87/research/smoke_v5.py:264: RuntimeWarning: overflow encountered in matmul
  return Ks_te[best_s] @ coef + m, best_s, best_lam
/Users/argszero/scm/github.com/argszero/silicon-science-cs/papers/issue-87/research/smoke_v5.py:264: RuntimeWarning: invalid value encountered in matmul
  return Ks_te[best_s] @ coef + m, best_s, best_lam
====================================================================================================
ISSUE #87 -- R398: does 'withholding geometry' actually handicap the matched rival?
====================================================================================================
   band shifted|0.1      done (1/12)
   band shifted|0.25     done (2/12)
   band shifted|0.5      done (3/12)
   band shifted|1        done (4/12)
   band shifted|2        done (5/12)
   band shifted|3        done (6/12)
   band unshifted|0.1    done (7/12)
   band unshifted|0.25   done (8/12)
   band unshifted|0.5    done (9/12)
   band unshifted|1      done (10/12)
   band unshifted|2      done (11/12)
   band unshifted|3      done (12/12)

-- CONTROLS ---------------------------------------------------------------------------------
   C1 identity   : max |kernel diff| at t=0 across all axes/envelopes: 0.000e+00
      C2 A_registered   max |W_t1 - named matrix| = 0.000e+00
      C2 B_wrong_graph  max |W_t1 - named matrix| = 0.000e+00
      C2 C_wrong_metric max |W_t1 - named matrix| = 0.000e+00
      C2 D_flat_scales  max |W_t1 - named matrix| = 0.000e+00
      C2 E_permuted     max |W_t1 - named matrix| = 0.000e+00
   C3 positive control is nontrivial (permutation != identity): True
   C5 negative control (axis F at every level): dR exactly 0 in every cell: True
   C6 determinism: rebuild byte-identical: True

-- THE AUDIT: what the handicap does to the RIVAL at t = 1 (unit: one target variance) -----
   axis               valid reversed  mixed    median dR   range
   A_registered           5        0     19      +0.0074   [-0.0096, +0.0212]
   B_wrong_graph         18        0      6      +0.0240   [-0.0007, +0.0467]
   C_wrong_metric        24        0      0      +0.1256   [+0.0560, +0.2368]
   D_flat_scales          1        1     22      -0.0000   [-0.0000, +0.0000]
   E_permuted            15        1      8      +0.0282   [-0.0083, +0.1007]
   F_identity             0        0     24      +0.0000   [+0.0000, +0.0000]
   dR = R_rival(t=1) - R_rival(t=0); > 0 means the rival got WORSE (a real handicap).
   valid/reversed = all six draws agree; mixed = the six draws disagree in sign.

-- the study's own statistic along the ladder (delta = R_quantum - R_rival) -----------------
   axis A_registered
     shifted|0.1|a=+1           t=0.00 -0.0229  t=0.33 -0.0424  t=0.67 -0.0441  t=1.00 -0.0429
     shifted|0.1|a=-1           t=0.00 -0.0181  t=0.33 -0.0255  t=0.67 -0.0312  t=1.00 -0.0337
     shifted|0.25|a=+1          t=0.00 +0.0961  t=0.33 +0.0810  t=0.67 +0.0798  t=1.00 +0.0749
     shifted|0.25|a=-1          t=0.00 +0.0933  t=0.33 +0.0796  t=0.67 +0.0771  t=1.00 +0.0736
     shifted|0.5|a=+1           t=0.00 +0.4213  t=0.33 +0.4125  t=0.67 +0.4125  t=1.00 +0.4091
     shifted|0.5|a=-1           t=0.00 +0.4303  t=0.33 +0.4195  t=0.67 +0.4187  t=1.00 +0.4169
     shifted|1|a=+1             t=0.00 +0.4482  t=0.33 +0.4389  t=0.67 +0.4403  t=1.00 +0.4399
     shifted|1|a=-1             t=0.00 +0.4691  t=0.33 +0.4638  t=0.67 +0.4613  t=1.00 +0.4602
     shifted|2|a=+1             t=0.00 +0.0105  t=0.33 +0.0085  t=0.67 +0.0098  t=1.00 +0.0017
     shifted|2|a=-1             t=0.00 +0.0155  t=0.33 +0.0109  t=0.67 +0.0110  t=1.00 +0.0046
     shifted|3|a=+1             t=0.00 -0.0531  t=0.33 -0.0534  t=0.67 -0.0547  t=1.00 -0.0617
     shifted|3|a=-1             t=0.00 -0.0518  t=0.33 -0.0526  t=0.67 -0.0566  t=1.00 -0.0629
     unshifted|0.1|a=+1         t=0.00 -0.0048  t=0.33 -0.0054  t=0.67 -0.0060  t=1.00 -0.0066
     unshifted|0.1|a=-1         t=0.00 -0.0090  t=0.33 -0.0095  t=0.67 -0.0083  t=1.00 -0.0085
     unshifted|0.25|a=+1        t=0.00 -0.0234  t=0.33 -0.0235  t=0.67 -0.0253  t=1.00 -0.0263
     unshifted|0.25|a=-1        t=0.00 -0.0350  t=0.33 -0.0349  t=0.67 -0.0356  t=1.00 -0.0356
     unshifted|0.5|a=+1         t=0.00 -0.0025  t=0.33 -0.0000  t=0.67 -0.0018  t=1.00 -0.0049
     unshifted|0.5|a=-1         t=0.00 +0.0010  t=0.33 +0.0032  t=0.67 +0.0022  t=1.00 -0.0055
     unshifted|1|a=+1           t=0.00 +0.3983  t=0.33 +0.3967  t=0.67 +0.3991  t=1.00 +0.3985
     unshifted|1|a=-1           t=0.00 +0.4098  t=0.33 +0.4120  t=0.67 +0.4118  t=1.00 +0.4108
     unshifted|2|a=+1           t=0.00 +0.4192  t=0.33 +0.4194  t=0.67 +0.4196  t=1.00 +0.4200
     unshifted|2|a=-1           t=0.00 +0.4233  t=0.33 +0.4226  t=0.67 +0.4223  t=1.00 +0.4214
     unshifted|3|a=+1           t=0.00 -0.0700  t=0.33 -0.0627  t=0.67 -0.0580  t=1.00 -0.0604
     unshifted|3|a=-1           t=0.00 -0.0603  t=0.33 -0.0546  t=0.67 -0.0521  t=1.00 -0.0566
   axis B_wrong_graph
     shifted|0.1|a=+1           t=0.00 -0.0229  t=0.33 -0.0291  t=0.67 -0.0405  t=1.00 -0.0626
     shifted|0.1|a=-1           t=0.00 -0.0181  t=0.33 -0.0202  t=0.67 -0.0330  t=1.00 -0.0568
     shifted|0.25|a=+1          t=0.00 +0.0961  t=0.33 +0.0924  t=0.67 +0.0798  t=1.00 +0.0549
     shifted|0.25|a=-1          t=0.00 +0.0933  t=0.33 +0.0907  t=0.67 +0.0818  t=1.00 +0.0466
     shifted|0.5|a=+1           t=0.00 +0.4213  t=0.33 +0.4178  t=0.67 +0.4060  t=1.00 +0.3828
     shifted|0.5|a=-1           t=0.00 +0.4303  t=0.33 +0.4292  t=0.67 +0.4203  t=1.00 +0.3950
     shifted|1|a=+1             t=0.00 +0.4482  t=0.33 +0.4450  t=0.67 +0.4348  t=1.00 +0.4141
     shifted|1|a=-1             t=0.00 +0.4691  t=0.33 +0.4666  t=0.67 +0.4571  t=1.00 +0.4390
     shifted|2|a=+1             t=0.00 +0.0105  t=0.33 +0.0058  t=0.67 -0.0000  t=1.00 -0.0141
     shifted|2|a=-1             t=0.00 +0.0155  t=0.33 +0.0122  t=0.67 +0.0049  t=1.00 -0.0079
     shifted|3|a=+1             t=0.00 -0.0531  t=0.33 -0.0555  t=0.67 -0.0626  t=1.00 -0.0805
     shifted|3|a=-1             t=0.00 -0.0518  t=0.33 -0.0513  t=0.67 -0.0571  t=1.00 -0.0752
     unshifted|0.1|a=+1         t=0.00 -0.0048  t=0.33 -0.0053  t=0.67 -0.0050  t=1.00 -0.0059
     unshifted|0.1|a=-1         t=0.00 -0.0090  t=0.33 -0.0095  t=0.67 -0.0104  t=1.00 -0.0105
     unshifted|0.25|a=+1        t=0.00 -0.0234  t=0.33 -0.0227  t=0.67 -0.0245  t=1.00 -0.0250
     unshifted|0.25|a=-1        t=0.00 -0.0350  t=0.33 -0.0349  t=0.67 -0.0347  t=1.00 -0.0343
     unshifted|0.5|a=+1         t=0.00 -0.0025  t=0.33 -0.0026  t=0.67 -0.0042  t=1.00 -0.0058
     unshifted|0.5|a=-1         t=0.00 +0.0010  t=0.33 +0.0004  t=0.67 -0.0004  t=1.00 -0.0029
     unshifted|1|a=+1           t=0.00 +0.3983  t=0.33 +0.3973  t=0.67 +0.3928  t=1.00 +0.3870
     unshifted|1|a=-1           t=0.00 +0.4098  t=0.33 +0.4087  t=0.67 +0.4040  t=1.00 +0.4006
     unshifted|2|a=+1           t=0.00 +0.4192  t=0.33 +0.4192  t=0.67 +0.4172  t=1.00 +0.4100
     unshifted|2|a=-1           t=0.00 +0.4233  t=0.33 +0.4229  t=0.67 +0.4214  t=1.00 +0.4160
     unshifted|3|a=+1           t=0.00 -0.0700  t=0.33 -0.0717  t=0.67 -0.0789  t=1.00 -0.0992
     unshifted|3|a=-1           t=0.00 -0.0603  t=0.33 -0.0630  t=0.67 -0.0716  t=1.00 -0.0924
   axis C_wrong_metric
     shifted|0.1|a=+1           t=0.00 -0.0229  t=0.33 -0.0442  t=0.67 -0.0587  t=1.00 -0.1171
     shifted|0.1|a=-1           t=0.00 -0.0181  t=0.33 -0.0330  t=0.67 -0.0505  t=1.00 -0.1186
     shifted|0.25|a=+1          t=0.00 +0.0961  t=0.33 +0.0748  t=0.67 +0.0402  t=1.00 -0.0297
     shifted|0.25|a=-1          t=0.00 +0.0933  t=0.33 +0.0780  t=0.67 +0.0390  t=1.00 -0.0443
     shifted|0.5|a=+1           t=0.00 +0.4213  t=0.33 +0.4061  t=0.67 +0.3766  t=1.00 +0.2922
     shifted|0.5|a=-1           t=0.00 +0.4303  t=0.33 +0.4128  t=0.67 +0.3776  t=1.00 +0.3056
     shifted|1|a=+1             t=0.00 +0.4482  t=0.33 +0.4274  t=0.67 +0.3959  t=1.00 +0.3219
     shifted|1|a=-1             t=0.00 +0.4691  t=0.33 +0.4514  t=0.67 +0.4108  t=1.00 +0.3199
     shifted|2|a=+1             t=0.00 +0.0105  t=0.33 +0.0073  t=0.67 -0.0109  t=1.00 -0.0967
     shifted|2|a=-1             t=0.00 +0.0155  t=0.33 +0.0061  t=0.67 -0.0160  t=1.00 -0.1009
     shifted|3|a=+1             t=0.00 -0.0531  t=0.33 -0.0586  t=0.67 -0.0833  t=1.00 -0.2898
     shifted|3|a=-1             t=0.00 -0.0518  t=0.33 -0.0582  t=0.67 -0.0805  t=1.00 -0.2618
     unshifted|0.1|a=+1         t=0.00 -0.0048  t=0.33 -0.0060  t=0.67 -0.0181  t=1.00 -0.0608
     unshifted|0.1|a=-1         t=0.00 -0.0090  t=0.33 -0.0090  t=0.67 -0.0299  t=1.00 -0.0704
     unshifted|0.25|a=+1        t=0.00 -0.0234  t=0.33 -0.0448  t=0.67 -0.0709  t=1.00 -0.1225
     unshifted|0.25|a=-1        t=0.00 -0.0350  t=0.33 -0.0488  t=0.67 -0.0712  t=1.00 -0.1187
     unshifted|0.5|a=+1         t=0.00 -0.0025  t=0.33 -0.0242  t=0.67 -0.0709  t=1.00 -0.1390
     unshifted|0.5|a=-1         t=0.00 +0.0010  t=0.33 -0.0200  t=0.67 -0.0691  t=1.00 -0.1516
     unshifted|1|a=+1           t=0.00 +0.3983  t=0.33 +0.3828  t=0.67 +0.3511  t=1.00 +0.2871
     unshifted|1|a=-1           t=0.00 +0.4098  t=0.33 +0.3909  t=0.67 +0.3558  t=1.00 +0.2725
     unshifted|2|a=+1           t=0.00 +0.4192  t=0.33 +0.4171  t=0.67 +0.3863  t=1.00 +0.2714
     unshifted|2|a=-1           t=0.00 +0.4233  t=0.33 +0.4206  t=0.67 +0.3879  t=1.00 +0.2701
     unshifted|3|a=+1           t=0.00 -0.0700  t=0.33 -0.0759  t=0.67 -0.1001  t=1.00 -0.1886
     unshifted|3|a=-1           t=0.00 -0.0603  t=0.33 -0.0663  t=0.67 -0.0942  t=1.00 -0.1857
   axis D_flat_scales
     shifted|0.1|a=+1           t=0.00 -0.0229  t=0.33 -0.0229  t=0.67 -0.0229  t=1.00 -0.0229
     shifted|0.1|a=-1           t=0.00 -0.0181  t=0.33 -0.0181  t=0.67 -0.0181  t=1.00 -0.0181
     shifted|0.25|a=+1          t=0.00 +0.0961  t=0.33 +0.0961  t=0.67 +0.0961  t=1.00 +0.0961
     shifted|0.25|a=-1          t=0.00 +0.0933  t=0.33 +0.0933  t=0.67 +0.0933  t=1.00 +0.0933
     shifted|0.5|a=+1           t=0.00 +0.4213  t=0.33 +0.4213  t=0.67 +0.4213  t=1.00 +0.4213
     shifted|0.5|a=-1           t=0.00 +0.4303  t=0.33 +0.4303  t=0.67 +0.4303  t=1.00 +0.4303
     shifted|1|a=+1             t=0.00 +0.4482  t=0.33 +0.4482  t=0.67 +0.4482  t=1.00 +0.4482
     shifted|1|a=-1             t=0.00 +0.4691  t=0.33 +0.4691  t=0.67 +0.4691  t=1.00 +0.4691
     shifted|2|a=+1             t=0.00 +0.0105  t=0.33 +0.0105  t=0.67 +0.0105  t=1.00 +0.0105
     shifted|2|a=-1             t=0.00 +0.0155  t=0.33 +0.0155  t=0.67 +0.0155  t=1.00 +0.0155
     shifted|3|a=+1             t=0.00 -0.0531  t=0.33 -0.0531  t=0.67 -0.0531  t=1.00 -0.0531
     shifted|3|a=-1             t=0.00 -0.0518  t=0.33 -0.0518  t=0.67 -0.0518  t=1.00 -0.0518
     unshifted|0.1|a=+1         t=0.00 -0.0048  t=0.33 -0.0048  t=0.67 -0.0048  t=1.00 -0.0048
     unshifted|0.1|a=-1         t=0.00 -0.0090  t=0.33 -0.0090  t=0.67 -0.0090  t=1.00 -0.0090
     unshifted|0.25|a=+1        t=0.00 -0.0234  t=0.33 -0.0234  t=0.67 -0.0234  t=1.00 -0.0234
     unshifted|0.25|a=-1        t=0.00 -0.0350  t=0.33 -0.0350  t=0.67 -0.0350  t=1.00 -0.0350
     unshifted|0.5|a=+1         t=0.00 -0.0025  t=0.33 -0.0025  t=0.67 -0.0025  t=1.00 -0.0025
     unshifted|0.5|a=-1         t=0.00 +0.0010  t=0.33 +0.0010  t=0.67 +0.0010  t=1.00 +0.0010
     unshifted|1|a=+1           t=0.00 +0.3983  t=0.33 +0.3983  t=0.67 +0.3983  t=1.00 +0.3983
     unshifted|1|a=-1           t=0.00 +0.4098  t=0.33 +0.4098  t=0.67 +0.4098  t=1.00 +0.4098
     unshifted|2|a=+1           t=0.00 +0.4192  t=0.33 +0.4192  t=0.67 +0.4192  t=1.00 +0.4192
     unshifted|2|a=-1           t=0.00 +0.4233  t=0.33 +0.4233  t=0.67 +0.4233  t=1.00 +0.4233
     unshifted|3|a=+1           t=0.00 -0.0700  t=0.33 -0.0700  t=0.67 -0.0700  t=1.00 -0.0700
     unshifted|3|a=-1           t=0.00 -0.0603  t=0.33 -0.0603  t=0.67 -0.0603  t=1.00 -0.0603
   axis E_permuted
     shifted|0.1|a=+1           t=0.00 -0.0229  t=0.33 -0.0419  t=0.67 -0.0543  t=1.00 -0.0787
     shifted|0.1|a=-1           t=0.00 -0.0181  t=0.33 -0.0288  t=0.67 -0.0484  t=1.00 -0.0676
     shifted|0.25|a=+1          t=0.00 +0.0961  t=0.33 +0.0625  t=0.67 +0.0209  t=1.00 +0.0032
     shifted|0.25|a=-1          t=0.00 +0.0933  t=0.33 +0.0589  t=0.67 +0.0223  t=1.00 -0.0074
     shifted|0.5|a=+1           t=0.00 +0.4213  t=0.33 +0.4051  t=0.67 +0.3832  t=1.00 +0.3603
     shifted|0.5|a=-1           t=0.00 +0.4303  t=0.33 +0.4127  t=0.67 +0.3918  t=1.00 +0.3654
     shifted|1|a=+1             t=0.00 +0.4482  t=0.33 +0.4414  t=0.67 +0.4319  t=1.00 +0.4167
     shifted|1|a=-1             t=0.00 +0.4691  t=0.33 +0.4639  t=0.67 +0.4504  t=1.00 +0.4312
     shifted|2|a=+1             t=0.00 +0.0105  t=0.33 +0.0027  t=0.67 -0.0093  t=1.00 -0.0319
     shifted|2|a=-1             t=0.00 +0.0155  t=0.33 +0.0080  t=0.67 -0.0051  t=1.00 -0.0225
     shifted|3|a=+1             t=0.00 -0.0531  t=0.33 -0.0591  t=0.67 -0.0662  t=1.00 -0.0779
     shifted|3|a=-1             t=0.00 -0.0518  t=0.33 -0.0565  t=0.67 -0.0624  t=1.00 -0.0698
     unshifted|0.1|a=+1         t=0.00 -0.0048  t=0.33 -0.0036  t=0.67 -0.0034  t=1.00 -0.0009
     unshifted|0.1|a=-1         t=0.00 -0.0090  t=0.33 -0.0083  t=0.67 -0.0069  t=1.00 -0.0052
     unshifted|0.25|a=+1        t=0.00 -0.0234  t=0.33 -0.0200  t=0.67 -0.0182  t=1.00 -0.0162
     unshifted|0.25|a=-1        t=0.00 -0.0350  t=0.33 -0.0328  t=0.67 -0.0281  t=1.00 -0.0267
     unshifted|0.5|a=+1         t=0.00 -0.0025  t=0.33 -0.0029  t=0.67 -0.0058  t=1.00 -0.0101
     unshifted|0.5|a=-1         t=0.00 +0.0010  t=0.33 +0.0015  t=0.67 -0.0002  t=1.00 -0.0058
     unshifted|1|a=+1           t=0.00 +0.3983  t=0.33 +0.3996  t=0.67 +0.4014  t=1.00 +0.3986
     unshifted|1|a=-1           t=0.00 +0.4098  t=0.33 +0.4136  t=0.67 +0.4136  t=1.00 +0.4108
     unshifted|2|a=+1           t=0.00 +0.4192  t=0.33 +0.4201  t=0.67 +0.4179  t=1.00 +0.4162
     unshifted|2|a=-1           t=0.00 +0.4233  t=0.33 +0.4228  t=0.67 +0.4214  t=1.00 +0.4173
     unshifted|3|a=+1           t=0.00 -0.0700  t=0.33 -0.0722  t=0.67 -0.0837  t=1.00 -0.1084
     unshifted|3|a=-1           t=0.00 -0.0603  t=0.33 -0.0664  t=0.67 -0.0799  t=1.00 -0.1100
   axis F_identity
     shifted|0.1|a=+1           t=0.00 -0.0229  t=0.33 -0.0229  t=0.67 -0.0229  t=1.00 -0.0229
     shifted|0.1|a=-1           t=0.00 -0.0181  t=0.33 -0.0181  t=0.67 -0.0181  t=1.00 -0.0181
     shifted|0.25|a=+1          t=0.00 +0.0961  t=0.33 +0.0961  t=0.67 +0.0961  t=1.00 +0.0961
     shifted|0.25|a=-1          t=0.00 +0.0933  t=0.33 +0.0933  t=0.67 +0.0933  t=1.00 +0.0933
     shifted|0.5|a=+1           t=0.00 +0.4213  t=0.33 +0.4213  t=0.67 +0.4213  t=1.00 +0.4213
     shifted|0.5|a=-1           t=0.00 +0.4303  t=0.33 +0.4303  t=0.67 +0.4303  t=1.00 +0.4303
     shifted|1|a=+1             t=0.00 +0.4482  t=0.33 +0.4482  t=0.67 +0.4482  t=1.00 +0.4482
     shifted|1|a=-1             t=0.00 +0.4691  t=0.33 +0.4691  t=0.67 +0.4691  t=1.00 +0.4691
     shifted|2|a=+1             t=0.00 +0.0105  t=0.33 +0.0105  t=0.67 +0.0105  t=1.00 +0.0105
     shifted|2|a=-1             t=0.00 +0.0155  t=0.33 +0.0155  t=0.67 +0.0155  t=1.00 +0.0155
     shifted|3|a=+1             t=0.00 -0.0531  t=0.33 -0.0531  t=0.67 -0.0531  t=1.00 -0.0531
     shifted|3|a=-1             t=0.00 -0.0518  t=0.33 -0.0518  t=0.67 -0.0518  t=1.00 -0.0518
     unshifted|0.1|a=+1         t=0.00 -0.0048  t=0.33 -0.0048  t=0.67 -0.0048  t=1.00 -0.0048
     unshifted|0.1|a=-1         t=0.00 -0.0090  t=0.33 -0.0090  t=0.67 -0.0090  t=1.00 -0.0090
     unshifted|0.25|a=+1        t=0.00 -0.0234  t=0.33 -0.0234  t=0.67 -0.0234  t=1.00 -0.0234
     unshifted|0.25|a=-1        t=0.00 -0.0350  t=0.33 -0.0350  t=0.67 -0.0350  t=1.00 -0.0350
     unshifted|0.5|a=+1         t=0.00 -0.0025  t=0.33 -0.0025  t=0.67 -0.0025  t=1.00 -0.0025
     unshifted|0.5|a=-1         t=0.00 +0.0010  t=0.33 +0.0010  t=0.67 +0.0010  t=1.00 +0.0010
     unshifted|1|a=+1           t=0.00 +0.3983  t=0.33 +0.3983  t=0.67 +0.3983  t=1.00 +0.3983
     unshifted|1|a=-1           t=0.00 +0.4098  t=0.33 +0.4098  t=0.67 +0.4098  t=1.00 +0.4098
     unshifted|2|a=+1           t=0.00 +0.4192  t=0.33 +0.4192  t=0.67 +0.4192  t=1.00 +0.4192
     unshifted|2|a=-1           t=0.00 +0.4233  t=0.33 +0.4233  t=0.67 +0.4233  t=1.00 +0.4233
     unshifted|3|a=+1           t=0.00 -0.0700  t=0.33 -0.0700  t=0.67 -0.0700  t=1.00 -0.0700
     unshifted|3|a=-1           t=0.00 -0.0603  t=0.33 -0.0603  t=0.67 -0.0603  t=1.00 -0.0603

   report sha256 = a3b8d5d03e0ab26ea28786c52636844306e913204497d13a5b72fa32880d42d1
   written to smoke_v12_results.json
