== closed-form fixed point (mT=2.000, mS=1.000) vs step 3's published crossings ==
== primary coordinate: rho_spec (declared before the comparison); secondary: rho_serial ==
EXCLUDED: {"reason": "NO CLOSED-FORM BOUNDARY: the closed-form benefit stays positive at every pool size from 1 to 5 (min benefit 0.365%, max 4.127%)", "file": "boundary_v2_h050.json", "agents": 16, "h": 0.5, "benefit_min_pct": 0.3649658077821995, "benefit_max_pct": 4.127452087934918}
EXCLUDED: {"reason": "NO CLOSED-FORM BOUNDARY: the closed-form benefit stays positive at every pool size from 1 to 7 (min benefit 0.166%, max 3.099%)", "file": "boundary_v2_h050.json", "agents": 24, "h": 0.5, "benefit_min_pct": 0.16620168871792307, "benefit_max_pct": 3.0988438446333038}
EXCLUDED: {"reason": "NO CLOSED-FORM BOUNDARY: the closed-form benefit stays positive at every pool size from 1 to 9 (min benefit 0.095%, max 2.498%)", "file": "boundary_v2_h050.json", "agents": 32, "h": 0.5, "benefit_min_pct": 0.09456138354736306, "benefit_max_pct": 2.4984839765250233}
EXCLUDED: {"reason": "NO CLOSED-FORM BOUNDARY: the closed-form benefit stays positive at every pool size from 1 to 14 (min benefit 0.042%, max 2.353%)", "file": "boundary_v2_h050.json", "agents": 48, "h": 0.5, "benefit_min_pct": 0.0424926824645163, "benefit_max_pct": 2.353422419192015}
EXCLUDED: {"reason": "NO CLOSED-FORM BOUNDARY: the closed-form benefit stays positive at every pool size from 1 to 19 (min benefit 0.024%, max 2.216%)", "file": "boundary_v2_h050.json", "agents": 64, "h": 0.5, "benefit_min_pct": 0.024031176044719996, "benefit_max_pct": 2.216469802838938}
EXCLUDED: {"reason": "NO CLOSED-FORM BOUNDARY: the closed-form benefit stays positive at every pool size from 1 to 26 (min benefit 0.011%, max 1.204%)", "file": "boundary_v2_h050.json", "agents": 96, "h": 0.5, "benefit_min_pct": 0.010737476653554805, "benefit_max_pct": 1.2037083321757787}
EXCLUDED: {"reason": "NO CLOSED-FORM BOUNDARY: the closed-form benefit stays positive at every pool size from 1 to 5 (min benefit 0.633%, max 6.685%)", "file": "boundary_v2_h090.json", "agents": 16, "h": 0.9, "benefit_min_pct": 0.6334480056928161, "benefit_max_pct": 6.684847563663316}
EXCLUDED: {"reason": "NO CLOSED-FORM BOUNDARY: the closed-form benefit stays positive at every pool size from 1 to 7 (min benefit 0.291%, max 4.920%)", "file": "boundary_v2_h090.json", "agents": 24, "h": 0.9, "benefit_min_pct": 0.2912235845420992, "benefit_max_pct": 4.919942665800602}
EXCLUDED: {"reason": "NO CLOSED-FORM BOUNDARY: the closed-form benefit stays positive at every pool size from 1 to 9 (min benefit 0.167%, max 3.920%)", "file": "boundary_v2_h090.json", "agents": 32, "h": 0.9, "benefit_min_pct": 0.16663133492102952, "benefit_max_pct": 3.919643086780084}
EXCLUDED: {"reason": "NO CLOSED-FORM BOUNDARY: the closed-form benefit stays positive at every pool size from 1 to 14 (min benefit 0.075%, max 3.597%)", "file": "boundary_v2_h090.json", "agents": 48, "h": 0.9, "benefit_min_pct": 0.07535273378629512, "benefit_max_pct": 3.597307155168932}
EXCLUDED: {"reason": "NO CLOSED-FORM BOUNDARY: the closed-form benefit stays positive at every pool size from 1 to 19 (min benefit 0.043%, max 3.322%)", "file": "boundary_v2_h090.json", "agents": 64, "h": 0.9, "benefit_min_pct": 0.04276114334859218, "benefit_max_pct": 3.32161446674508}
EXCLUDED: {"reason": "NO CLOSED-FORM BOUNDARY: the closed-form benefit stays positive at every pool size from 1 to 26 (min benefit 0.019%, max 1.810%)", "file": "boundary_v2_h090.json", "agents": 96, "h": 0.9, "benefit_min_pct": 0.019175681013588255, "benefit_max_pct": 1.8097727060509712}
EXCLUDED: {"reason": "NO CLOSED-FORM BOUNDARY: the closed-form benefit stays positive at every pool size from 1 to 5 (min benefit 0.698%, max 7.223%)", "file": "boundary_v2_h100.json", "agents": 16, "h": 1.0, "benefit_min_pct": 0.6975414292384104, "benefit_max_pct": 7.2234936825643645}
EXCLUDED: {"reason": "NO CLOSED-FORM BOUNDARY: the closed-form benefit stays positive at every pool size from 1 to 7 (min benefit 0.321%, max 5.295%)", "file": "boundary_v2_h100.json", "agents": 24, "h": 1.0, "benefit_min_pct": 0.32144014470792576, "benefit_max_pct": 5.294910966504465}
EXCLUDED: {"reason": "NO CLOSED-FORM BOUNDARY: the closed-form benefit stays positive at every pool size from 1 to 9 (min benefit 0.184%, max 4.209%)", "file": "boundary_v2_h100.json", "agents": 32, "h": 1.0, "benefit_min_pct": 0.18417532980312135, "benefit_max_pct": 4.208560679634976}
EXCLUDED: {"reason": "NO CLOSED-FORM BOUNDARY: the closed-form benefit stays positive at every pool size from 1 to 14 (min benefit 0.083%, max 3.841%)", "file": "boundary_v2_h100.json", "agents": 48, "h": 1.0, "benefit_min_pct": 0.08341569385231445, "benefit_max_pct": 3.840572259584357}
EXCLUDED: {"reason": "NO CLOSED-FORM BOUNDARY: the closed-form benefit stays positive at every pool size from 1 to 19 (min benefit 0.047%, max 3.532%)", "file": "boundary_v2_h100.json", "agents": 64, "h": 1.0, "benefit_min_pct": 0.04737675938633078, "benefit_max_pct": 3.5317118587375287}
EXCLUDED: {"reason": "NO CLOSED-FORM BOUNDARY: the closed-form benefit stays positive at every pool size from 1 to 26 (min benefit 0.021%, max 1.927%)", "file": "boundary_v2_h100.json", "agents": 96, "h": 1.0, "benefit_min_pct": 0.021264552251461948, "benefit_max_pct": 1.9270716459949337}
-- metric (e) PRIMARY: UNMET | comparable cells 0 | within 0.05000: n/a (0.0%) | required >= 80%
-- exclusions by kind: {"no closed-form boundary": 18}
-- SECONDARY (same cell, NOT the registered test): 141 comparison(s) | median |delta rho_spec| 0.01339 | worst 0.07272 | within tolerance 128/141 | median |delta benefit_pct| 1.270
-- anchors: H1 {"limit": 0.6666666666666666, "closed": 0.6666666666666666, "abs_diff": 0.0} | H2 {"abs_dL": 0.0, "benefit_pct": 0.0} | H4 limit_pct 22.22222 against c=256 benefit 22.22222%
-- elapsed 0.2 s (printed, NOT in the artefact)
wrote fixedpoint_v1.json
-- exit 0: run complete; the verdict (UNMET) is in the JSON, not in the exit code
